// Jest Snapshot v1, https://goo.gl/fbAQLP

exports[`FITNESSPLAN: Delete Activity Returns status 200 and the fitnessPlan when deleted  1`] = `
Object {
  "__v": 0,
  "_id": Any<String>,
  "activities": Any<Array>,
  "date": Any<String>,
  "owner": Any<String>,
}
`;

exports[`FITNESSPLAN: Delete Activity Returns status 200 and the fitnessPlan when deleted  2`] = `
Object {
  "_id": Any<String>,
  "done": Any<Boolean>,
  "exerciseID": Any<String>,
  "sets": Any<Number>,
  "totalQuantity": Any<Number>,
}
`;

exports[`FITNESSPLAN: Edit Activity Returns status 200 and the fitness plan with the updated activity 1`] = `
Object {
  "__v": 0,
  "_id": Any<String>,
  "activities": Any<Array>,
  "date": Any<String>,
  "owner": Any<String>,
}
`;

exports[`FITNESSPLAN: Edit Activity Returns status 200 and the fitness plan with the updated activity 2`] = `
Object {
  "_id": Any<String>,
  "done": Any<Boolean>,
  "exerciseID": Any<String>,
  "sets": Any<Number>,
  "totalQuantity": Any<Number>,
}
`;

exports[`FITNESSPLAN: Edit Activity Returns status 200 and the fitness plan with the updated activity 3`] = `
Object {
  "_id": Any<String>,
  "done": Any<Boolean>,
  "exerciseID": Any<String>,
  "sets": Any<Number>,
  "totalQuantity": Any<Number>,
}
`;

exports[`FITNESSPLAN: Get user fitness plans Returns status 200 and all of the users fitness plans 1`] = `
Object {
  "__v": 0,
  "_id": Any<String>,
  "activities": Any<Array>,
  "date": Any<String>,
  "owner": Any<String>,
}
`;

exports[`FITNESSPLAN: Get user fitness plans Returns status 200 and all of the users fitness plans 2`] = `
Object {
  "_id": Any<String>,
  "done": Any<Boolean>,
  "exerciseID": Any<String>,
  "sets": Any<Number>,
  "totalQuantity": Any<Number>,
}
`;

exports[`FITNESSPLAN: Get user fitness plans Returns status 200 and all of the users fitness plans 3`] = `
Object {
  "_id": Any<String>,
  "done": Any<Boolean>,
  "exerciseID": Any<String>,
  "sets": Any<Number>,
  "totalQuantity": Any<Number>,
}
`;

exports[`FITNESSPLAN: Get user fitness plans Returns status 200 and fitness plan of the created date 1`] = `
Object {
  "__v": 0,
  "_id": Any<String>,
  "activities": Any<Array>,
  "date": Any<String>,
  "owner": Any<String>,
}
`;

exports[`FITNESSPLAN: Get user fitness plans Returns status 200 and fitness plan of the created date 2`] = `
Object {
  "_id": Any<String>,
  "done": Any<Boolean>,
  "exerciseID": Any<String>,
  "sets": Any<Number>,
  "totalQuantity": Any<Number>,
}
`;

exports[`FITNESSPLAN: Get user fitness plans Returns status 200 and fitness plan of the created date 3`] = `
Object {
  "_id": Any<String>,
  "done": Any<Boolean>,
  "exerciseID": Any<String>,
  "sets": Any<Number>,
  "totalQuantity": Any<Number>,
}
`;

exports[`FITNESSPLAN: Post activity Returns all of the users fitness plans 1`] = `
Object {
  "__v": 0,
  "_id": Any<String>,
  "activities": Any<Array>,
  "date": Any<String>,
  "owner": Any<String>,
}
`;

exports[`FITNESSPLAN: Post activity Returns all of the users fitness plans 2`] = `
Object {
  "_id": Any<String>,
  "done": Any<Boolean>,
  "exerciseID": Any<String>,
  "sets": Any<Number>,
  "totalQuantity": Any<Number>,
}
`;

exports[`FITNESSPLAN: Post activity Returns status 200 and the fitness plan 1`] = `
Object {
  "__v": 0,
  "_id": Any<String>,
  "activities": Any<Array>,
  "date": Any<String>,
  "owner": Any<String>,
}
`;

exports[`FITNESSPLAN: Post activity Returns status 200 and the fitness plan 2`] = `
Object {
  "_id": Any<String>,
  "done": Any<Boolean>,
  "exerciseID": Any<String>,
  "sets": Any<Number>,
  "totalQuantity": Any<Number>,
}
`;

exports[`FITNESSPLAN: Post activity Returns status 200 and the fitness plan adding a new activity to an existing fitness plan 1`] = `
Object {
  "__v": 0,
  "_id": Any<String>,
  "activities": Any<Array>,
  "date": Any<String>,
  "owner": Any<String>,
}
`;

exports[`FITNESSPLAN: Post activity Returns status 200 and the fitness plan adding a new activity to an existing fitness plan 2`] = `
Object {
  "_id": Any<String>,
  "done": Any<Boolean>,
  "exerciseID": Any<String>,
  "sets": Any<Number>,
  "totalQuantity": Any<Number>,
}
`;

exports[`FITNESSPLAN: Post activity Returns status 200 and the fitness plan adding a new activity to an existing fitness plan 3`] = `
Object {
  "_id": Any<String>,
  "done": Any<Boolean>,
  "exerciseID": Any<String>,
  "sets": Any<Number>,
  "totalQuantity": Any<Number>,
}
`;

exports[`FITNESSPLAN: Post activity Returns status 200 and the fitness plan when creating a new activity 1`] = `
Object {
  "__v": 0,
  "_id": Any<String>,
  "activities": Any<Array>,
  "date": Any<String>,
  "owner": Any<String>,
}
`;

exports[`FITNESSPLAN: Post activity Returns status 200 and the fitness plan when creating a new activity 2`] = `
Object {
  "_id": Any<String>,
  "done": Any<Boolean>,
  "exerciseID": Any<String>,
  "sets": Any<Number>,
  "totalQuantity": Any<Number>,
}
`;
